
R version 4.5.2 (2025-10-31) -- "[Not] Part in a Rumble"
Copyright (C) 2025 The R Foundation for Statistical Computing
Platform: aarch64-apple-darwin20

R is free software and comes with ABSOLUTELY NO WARRANTY.
You are welcome to redistribute it under certain conditions.
Type 'license()' or 'licence()' for distribution details.

  Natural language support but running in an English locale

R is a collaborative project with many contributors.
Type 'contributors()' for more information and
'citation()' on how to cite R or R packages in publications.

Type 'demo()' for some demos, 'help()' for on-line help, or
'help.start()' for an HTML browser interface to help.
Type 'q()' to quit R.

> # edmontonMatch.R
> # Match building permits to assessment
> # Strategy: do 2026 and late 2025 permits so old address still valid maybe
> # Tom Davidoff
> # 07/16/26
> 
> library(data.table)
> library(fixest)
> library(sf)
Linking to GEOS 3.13.0, GDAL 3.8.5, PROJ 9.5.1; sf_use_s2() is TRUE
> 
> dtA <- fread("~/DropboxExternal/dataRaw/edmonton/Property_Assessment_Data_(Historical)_20260611.csv")
> dtC <- fread("~/DropboxExternal/dataRaw/edmonton/Property_Information_(Current_Calendar_Year)_20260612.csv")
> dtP  <- fread("~/DropboxExternal/dataRaw/edmonton/edmontonBuildingPermits.csv")
> 
> 
> # first question: Suites in RS 2025+ completions
> print(head(dtC))
   Account Number  Suite House Number   Street Name
            <int> <char>        <int>        <char>
1:       11219634                 303  29 STREET SW
2:       11143030                  NA              
3:       10945021                  NA              
4:       10191816                3327 184 STREET NW
5:       10191803                  NA              
6:        9990838                  NA              
                   legal_description zoning   lot_size Total Gross Area
                              <char> <char>     <char>            <num>
1: Plan: 2322574  Block: 11  Lot: 42    RSF    335.364          183.400
2:            Plan: 1820547  Unit: G         1,843.578         1925.787
3:                                             849.898            0.000
4:                                          29,220.296            0.000
5:                                              15,210            0.000
6:                                             204.261            0.000
   year_built garage Neighbourhood ID             Neighbourhood
        <int> <lgcl>            <int>                    <char>
1:       2024   TRUE             6669                     ALCES
2:       2023  FALSE             5458                    ALLARD
3:         NA  FALSE             4011            ANTHONY HENDAY
4:         NA  FALSE             4012 ANTHONY HENDAY SOUTH WEST
5:         NA  FALSE             4012 ANTHONY HENDAY SOUTH WEST
6:         NA  FALSE             5020             ASPEN GARDENS
                    Ward Latitude Longitude
                  <char>    <num>     <num>
1:            Sspomitapi 53.43008 -113.3859
2: Ipiihkoohkanipiaohtsi 53.39971 -113.5398
3:           Nakota Isga 53.54234 -113.6525
4:         sipiwiyiniwak 53.46493 -113.6275
5:         sipiwiyiniwak 53.46167 -113.6215
6:              papastew 53.47912 -113.5415
                                   Point Location
                                           <char>
1:  POINT (-113.38586836927416 53.43007553480231)
2:  POINT (-113.53980916769041 53.39971248175877)
3: POINT (-113.65249892113263 53.542342638025914)
4:  POINT (-113.62752901286129 53.46493004655662)
5:   POINT (-113.62147184037028 53.4616716042854)
6:  POINT (-113.54153138860967 53.47912453730056)
> dtCs <- dtC[zoning=="RS" & year_built>=2025 ]
> print(dtCs[,.(N=.N,hasSuite=sum(Suite!=""))])
       N hasSuite
   <int>    <int>
1:   569        0
> q("no")
> proc.time()
   user  system elapsed 
 24.004   0.337   6.557 
