
R version 4.5.2 (2025-10-31) -- "[Not] Part in a Rumble"
Copyright (C) 2025 The R Foundation for Statistical Computing
Platform: aarch64-apple-darwin20

R is free software and comes with ABSOLUTELY NO WARRANTY.
You are welcome to redistribute it under certain conditions.
Type 'license()' or 'licence()' for distribution details.

  Natural language support but running in an English locale

R is a collaborative project with many contributors.
Type 'contributors()' for more information and
'citation()' on how to cite R or R packages in publications.

Type 'demo()' for some demos, 'help()' for on-line help, or
'help.start()' for an HTML browser interface to help.
Type 'q()' to quit R.

> # edmontonHorseRace.R
> # Row-house choice horse race: census tract median VALUE vs median RENT, logged.
> # Tom Davidoff
> #
> # Both regressors are census tract (2021) levels:
> #   VALUE = v_CA21_4311  "Median value of dwellings ($)"        [owner self-report]
> #   RENT  = v_CA21_4317  "Median monthly shelter cost, rented"
> # Local median assessed value kept as a third, finer-grained value horse.
> # Prior finding: rent wins, value (assessed) is null; this adds census value.
> 
> library(data.table)
> library(fixest)
> library(sf)
Linking to GEOS 3.13.0, GDAL 3.8.5, PROJ 9.5.1; sf_use_s2() is TRUE
> library(duckdb)
Loading required package: DBI
> library(cancensus)
Census data is currently stored temporarily.

 In order to speed up performance, reduce API quota usage, and reduce unnecessary network calls, please set up a persistent cache directory via `set_cancensus_cache_path('<local cache path>', install = TRUE)`.
 This will add your cache directory as environment varianble to your .Renviron to be used across sessions and projects.


> set_cancensus_api_key("CensusMapper_4e1a1c2a1c23a336aec2ea4ce443330c")   # one-time; free at censusmapper.ca
API key set for duration of session. To install your API key for use across sessions, run this function with `install = TRUE`.
> library(ggplot2)
> 
> 
> sf_use_s2(TRUE)
> 
> # ============================================================================
> # 1. INGEST
> # ============================================================================
> 
> assessorHistoricalPath <- "~/DropboxExternal/dataRaw/edmonton/Property_Assessment_Data_(Historical)_20260611.csv"
> assessorCurrentPath    <- "~/DropboxExternal/dataRaw/edmonton/Property_Information_(Current_Calendar_Year)_20260612.csv"
> permitPath             <- "~/DropboxExternal/dataRaw/edmonton/edmontonBuildingPermits.csv"
> tractShp               <- "~/DropboxExternal/dataRaw/lct_000b21a_e/lct_000b21a_e.shp"
> 
> # --- assessment (comp pool for the local median value horse) ---
> dtAH <- fread(assessorHistoricalPath,
+               select = c("Account Number","Latitude","Longitude",
+                          "Assessment Year","Assessed Value"))
> dtAH[, maxYear  := max(`Assessment Year`), by = `Account Number`]
> dtAH <- dtAH[`Assessment Year` == maxYear]
> dtAC <- fread(assessorCurrentPath,
+               select = c("zoning","Account Number","year_built","Total Gross Area"))
> dtAC <- dtAC[zoning == "RS"]
> setkey(dtAH, "Account Number"); setkey(dtAC, "Account Number")
> dtAM <- dtAH[dtAC]
> 
> dtAM[, assessed := as.numeric(gsub(",", "", gsub("\\$", "", `Assessed Value`)))]
> dtAM[, gross    := as.numeric(`Total Gross Area`)]
> dtAM <- dtAM[!is.na(assessed) & assessed > 0 & !is.na(gross) & gross > 0 &
+              !is.na(Longitude) & !is.na(Latitude)]
> dtAM[, appsf := assessed / gross]
> qa <- quantile(dtAM$appsf, c(0.01, 0.99), na.rm = TRUE)
> dtAM <- dtAM[appsf > qa[1] & appsf < qa[2]]
> dtAM[, structAge := 2026 - as.numeric(year_built)]
> dtAM <- dtAM[!is.na(structAge) & structAge >= 0 & structAge <= 50]
> cat("assessment comps:", nrow(dtAM), "\n")
assessment comps: 70680 
> 
> # --- permits (RS + pre-reform RF; %% escapes for sprintf) ---
> con <- dbConnect(duckdb())
> q <- sprintf(R"(
+   SELECT "Row ID", "YEAR", "BUILDING_TYPE", "WORK_TYPE",
+          "CONSTRUCTION_VALUE", "FLOOR_AREA", "ZONING", "LATITUDE", "LONGITUDE", "UNITS_ADDED"
+   FROM read_csv_auto('%s')
+   WHERE ZONING = 'RS' 
+ )", permitPath)
> dtP <- as.data.table(dbGetQuery(con, q))
> dbDisconnect(con, shutdown = TRUE)
> dtP[, ROW_ID := .I]
> 
> dtP[, btype := gsub("\\s*\\(\\d+\\)\\s*$", "", BUILDING_TYPE)]
> dtP[, btype := gsub("\\s+", " ", trimws(btype))]
> dtP[, isRowHouse := grepl("^Row House", btype, ignore.case = TRUE) &
+                     !grepl("Condo", btype, ignore.case = TRUE)]
> dtP[, isDetached := grepl("^Single Detached", btype, ignore.case = TRUE)]
> 
> QCRIT <- .25
> REFORMYEAR <- 2024
> qNew  <- dtP[(isRowHouse | isDetached) & WORK_TYPE=="(01) Building - New", quantile(CONSTRUCTION_VALUE/FLOOR_AREA, QCRIT, na.rm = TRUE)]
> dtP   <- dtP[(isRowHouse | isDetached ) & (CONSTRUCTION_VALUE/FLOOR_AREA) >= qNew & !is.na(LONGITUDE) & !is.na(LATITUDE)]
> dtP[, year := as.numeric(YEAR)]
> dtP[, lon  := as.numeric(LONGITUDE)]
> dtP[, lat  := as.numeric(LATITUDE)]
> dtP  <- dtP[year>=REFORMYEAR]
> dtP[is.na(UNITS_ADDED), UNITS_ADDED := 1]
> print(dtP[,quantile(UNITS_ADDED),by=isRowHouse])
    isRowHouse    V1
        <lgcl> <num>
 1:       TRUE     3
 2:       TRUE     7
 3:       TRUE     8
 4:       TRUE     8
 5:       TRUE    11
 6:      FALSE     0
 7:      FALSE     1
 8:      FALSE     1
 9:      FALSE     2
10:      FALSE     2
> cat("analysis permits:", nrow(dtP), "\n")
analysis permits: 1054 
> 
> # ============================================================================
> # 2. LOCAL median assessed value (finer-grained value horse; comps within 1km)
> # ============================================================================
> 
> MATCH_KM  <- 1.0
> MIN_COMPS <- 12
> sfComp <- st_transform(st_as_sf(dtAM, coords = c("Longitude","Latitude"), crs = 4326), 3776)
> sfPerm <- st_transform(st_as_sf(dtP,  coords = c("LONGITUDE","LATITUDE"), crs = 4326), 3776)
> sc <- st_coordinates(sfComp); pc <- st_coordinates(sfPerm); av <- dtAM$assessed
> 
> localMed <- function(i) {
+   d  <- sqrt((sc[,1]-pc[i,1])^2 + (sc[,2]-pc[i,2])^2) / 1000
+   ok <- d < MATCH_KM
+   if (sum(ok) < MIN_COMPS) return(c(med = NA_real_, n = sum(ok)))
+   c(med = median(av[ok]), n = sum(ok))
+ }
> lm_res <- t(vapply(seq_len(nrow(sfPerm)), localMed, c(med = NA_real_, n = NA_real_)))
> dtP[, medAssessedLocal := lm_res[, 1]]
> cat("permits with local median:", sum(!is.na(dtP$medAssessedLocal)), "of", nrow(dtP), "\n")
permits with local median: 1054 of 1054 
> 
> # ============================================================================
> # 3. CENSUS tract VALUE + RENT
> # ============================================================================
> 
> ct <- get_census(dataset = "CA21", regions = list(CMA = "48835"),
+                  vectors = c(rent = "v_CA21_4317", value = "v_CA21_4311"),
+                  level = "CT", geo_format = NA, labels = "short", quiet = TRUE)
Census data is currently stored temporarily.

 In order to speed up performance, reduce API quota usage, and reduce unnecessary network calls, please set up a persistent cache directory via `set_cancensus_cache_path('<local cache path>', install = TRUE)`.
 This will add your cache directory as environment varianble to your .Renviron to be used across sessions and projects.


Census data is currently stored temporarily.

 In order to speed up performance, reduce API quota usage, and reduce unnecessary network calls, please set up a persistent cache directory via `set_cancensus_cache_path('<local cache path>', install = TRUE)`.
 This will add your cache directory as environment varianble to your .Renviron to be used across sessions and projects.


Warning message:
The `file` argument of `vroom()` must use `I()` for literal data as of vroom
1.5.0.
  
  # Bad:
  vroom("X,Y\n1.5,2.3\n")
  
  # Good:
  vroom(I("X,Y\n1.5,2.3\n"))
ℹ The deprecated feature was likely used in the readr package.
  Please report the issue at <https://github.com/tidyverse/readr/issues>. 
> setDT(ct)
> ct[, CTUID  := as.character(GeoUID)]
> ct[, rent   := as.numeric(rent)]
> ct[, value  := as.numeric(value)]      # census median owner-estimated dwelling value
> cat("\ntracts with rent:", ct[!is.na(rent), .N],
+     "| with value:", ct[!is.na(value), .N], "of", nrow(ct), "\n")

tracts with rent: 314 | with value: 323 of 349 
> 
> dfT <- st_make_valid(st_transform(st_read(tractShp, quiet = TRUE), 4326))
> sfP <- st_join(st_as_sf(dtP, coords = c("LONGITUDE","LATITUDE"), crs = 4326),
+                dfT[, "CTUID"], join = st_within)
> dtPj <- as.data.table(st_drop_geometry(sfP))
> dtPj[, CTUID := as.character(CTUID)]
> dtPj <- unique(dtPj, by = "ROW_ID")
> dtPj <- merge(dtPj, ct[, .(CTUID, rent, value)], by = "CTUID", all.x = TRUE)
> 
> # ============================================================================
> # 4. HORSE RACE -- log(median VALUE) vs log(median RENT)
> # ============================================================================
> 
> samp <- dtPj[!is.na(rent) & rent > 0 & !is.na(value) & value > 0 &
+              !is.na(medAssessedLocal) & medAssessedLocal > 0]
> cat("\nsample:", nrow(samp), " (row houses:", samp[, sum(isRowHouse)], ")\n")

sample: 1045  (row houses: 616 )
> cat("cor(log value, log rent):",
+     round(cor(log(samp$value), log(samp$rent)), 3),
+     "| cor(log value, log medAssessedLocal):",
+     round(cor(log(samp$value), log(samp$medAssessedLocal)), 3), "\n")
cor(log value, log rent): 0.488 | cor(log value, log medAssessedLocal): 0.805 
> 
> cat("\n=== each alone (post-2023) ===\n")

=== each alone (post-2023) ===
> print(summary(feols(isRowHouse ~ log(value) | year, data = samp[year>2023],
+                     vcov = vcov_conley(lat="lat", lon="lon", cutoff=2.0))))
OLS estimation, Dep. Var.: isRowHouse
Observations: 1,045
Fixed-effects: year: 3
Standard-errors: Conley (2km) 
            Estimate Std. Error  t value   Pr(>|t|)    
log(value) -0.504667   0.143286 -3.52209 0.00044672 ***
---
Signif. codes:  0 '***' 0.001 '**' 0.01 '*' 0.05 '.' 0.1 ' ' 1
RMSE: 0.439328     Adj. R2: 0.200126
                 Within R2: 0.111391
> print(summary(feols(isRowHouse ~ log(rent) | year, data = samp[year>2023],
+                     vcov = vcov_conley(lat="lat", lon="lon", cutoff=2.0))))
OLS estimation, Dep. Var.: isRowHouse
Observations: 1,045
Fixed-effects: year: 3
Standard-errors: Conley (2km) 
           Estimate Std. Error t value   Pr(>|t|)    
log(rent) -0.543776     0.1338 -4.0641 5.1847e-05 ***
---
Signif. codes:  0 '***' 0.001 '**' 0.01 '*' 0.05 '.' 0.1 ' ' 1
RMSE: 0.454275     Adj. R2: 0.14477 
                 Within R2: 0.049894
> 
> cat("\n=== HORSE RACE: log(value) + log(rent), post-2023 ===\n")

=== HORSE RACE: log(value) + log(rent), post-2023 ===
> print(summary(feols(isRowHouse ~ log(value) + log(rent) | year, data = samp[year>2023],
+                     vcov = vcov_conley(lat="lat", lon="lon", cutoff=2.0))))
OLS estimation, Dep. Var.: isRowHouse
Observations: 1,045
Fixed-effects: year: 3
Standard-errors: Conley (2km) 
            Estimate Std. Error  t value  Pr(>|t|)    
log(value) -0.445964   0.151639 -2.94097 0.0033444 ** 
log(rent)  -0.193996   0.144178 -1.34553 0.1787465    
---
Signif. codes:  0 '***' 0.001 '**' 0.01 '*' 0.05 '.' 0.1 ' ' 1
RMSE: 0.438129     Adj. R2: 0.203721
                 Within R2: 0.116235
> 
> cat("\n=== HORSE RACE: log(value) + log(rent), full period ===\n")

=== HORSE RACE: log(value) + log(rent), full period ===
> print(summary(feols(isRowHouse ~ log(value) + log(rent) | year, data = samp,
+                     vcov = vcov_conley(lat="lat", lon="lon", cutoff=2.0))))
OLS estimation, Dep. Var.: isRowHouse
Observations: 1,045
Fixed-effects: year: 3
Standard-errors: Conley (2km) 
            Estimate Std. Error  t value  Pr(>|t|)    
log(value) -0.445964   0.151639 -2.94097 0.0033444 ** 
log(rent)  -0.193996   0.144178 -1.34553 0.1787465    
---
Signif. codes:  0 '***' 0.001 '**' 0.01 '*' 0.05 '.' 0.1 ' ' 1
RMSE: 0.438129     Adj. R2: 0.203721
                 Within R2: 0.116235
> 
> cat("\n=== all three value/rent measures together, post-2023 ===\n")

=== all three value/rent measures together, post-2023 ===
> print(summary(feols(isRowHouse ~ log(value) + log(medAssessedLocal) + log(rent) | year,
+                     data = samp[year>2023],
+                     vcov = vcov_conley(lat="lat", lon="lon", cutoff=2.0))))
OLS estimation, Dep. Var.: isRowHouse
Observations: 1,045
Fixed-effects: year: 3
Standard-errors: Conley (2km) 
                       Estimate Std. Error  t value Pr(>|t|)    
log(value)            -0.254560   0.169674 -1.50029 0.133843    
log(medAssessedLocal) -0.221647   0.195430 -1.13415 0.256993    
log(rent)             -0.219201   0.122496 -1.78945 0.073833 .  
---
Signif. codes:  0 '***' 0.001 '**' 0.01 '*' 0.05 '.' 0.1 ' ' 1
RMSE: 0.436146     Adj. R2: 0.210153
                 Within R2: 0.124217
> 
> # anything on value??
> samp[, valBin := cut(value, quantile(value, 0:10/10, na.rm=TRUE), include.lowest=TRUE, labels=FALSE)]
> samp[, rentBin := cut(rent, quantile(rent, 0:10/10, na.rm=TRUE), include.lowest=TRUE, labels=FALSE)]
> samp[year>2023, .(rowShare=mean(isRowHouse), n=.N, nRow=sum(isRowHouse),
+                   med_val=round(median(value))), by=valBin][order(valBin)]
    valBin  rowShare     n  nRow med_val
     <int>     <num> <int> <int>   <num>
 1:      1 0.7064220   109    77  300000
 2:      2 0.7518797   133   100  320000
 3:      3 0.8933333    75    67  332000
 4:      4 0.7809524   105    82  348000
 5:      5 0.6190476   126    78  400000
 6:      6 0.5772358   123    71  424000
 7:      7 0.4952381   105    52  500000
 8:      8 0.2439024    82    20  600000
 9:      9 0.3738318   107    40  650000
10:     10 0.3625000    80    29  800000
> samp[year>2023, .(rowShare=mean(isRowHouse), n=.N, nRow=sum(isRowHouse),
+                   med_val=round(median(value))), by=rentBin][order(rentBin)]
    rentBin  rowShare     n  nRow med_val
      <int>     <num> <int> <int>   <num>
 1:       1 0.6881188   202   139  368000
 2:       2 0.5172414    29    15  460000
 3:       3 0.7983193   119    95  348000
 4:       4 0.5148515   101    52  332000
 5:       5 0.5466667    75    41  448000
 6:       6 0.5782313   147    85  424000
 7:       7 0.7187500    64    46  332000
 8:       8 0.5648148   108    61  400000
 9:       9 0.5490196   102    56  650000
10:      10 0.2653061    98    26  695000
> 
> plotdat <- samp[year > 2023,
+   .(rowShare = mean(isRowHouse), n = .N),
+   by = .(valBin, rentBin)
+ ]
> 
> 
> 
> ggplot(plotdat, aes(x = valBin, y = rentBin, fill = rowShare)) +
+   geom_tile() +
+   scale_fill_viridis_c(option = "plasma", direction = -1) +
+   labs(x = "Value decile", y = "Rent decile", fill = "Row house share") +
+   theme_minimal()
> ggsave("text/edmontonDecilePlot.png", width=6, height=4, dpi=300)
> 
> # plot rent by lat/lon
> ggplot(samp[year > 2023], aes(x = lon, y = lat, color = rent)) +
+   geom_point(alpha = 0.5) +
+   scale_color_viridis_c(option = "plasma", direction = -1) +
+   labs(x = "Longitude", y = "Latitude", color = "Rent") +
+   theme_minimal()
> ggsave("text/edmontonRentMap.png", width=6, height=4, dpi=300)
> 
> unitPlotDat <- samp[year > 2023 & isRowHouse==TRUE,
+   .(meanUnit = mean(UNITS_ADDED<5), n = .N),
+   by = .(valBin,rentBin)
+ ]
> ggplot(unitPlotDat, aes(x = valBin, y = rentBin, fill = meanUnit)) +
+   geom_tile() +
+   scale_fill_viridis_c(option = "plasma", direction = -1) +
+   labs(x = "Value decile", y = "Rent decile", fill = "Row house share") +
+   theme_minimal()
> ggsave("text/edmontonDecileUnitConditional.png", width=6, height=4, dpi=300)
> 
> 
> 
> proc.time()
   user  system elapsed 
 11.227   0.709  10.895 
