
R version 4.5.0 (2025-04-11) -- "How About a Twenty-Six"
Copyright (C) 2025 The R Foundation for Statistical Computing
Platform: aarch64-apple-darwin20

R is free software and comes with ABSOLUTELY NO WARRANTY.
You are welcome to redistribute it under certain conditions.
Type 'license()' or 'licence()' for distribution details.

  Natural language support but running in an English locale

R is a collaborative project with many contributors.
Type 'contributors()' for more information and
'citation()' on how to cite R or R packages in publications.

Type 'demo()' for some demos, 'help()' for on-line help, or
'help.start()' for an HTML browser interface to help.
Type 'q()' to quit R.

> # vancouverMatch.R
> # match permits to neighbourhoods, assessments, etc
> # Objective -- correlation and plots: local price levels vs duplex / multiplex choice.
> # Tom Davidoff
> # 08/13/26
> #
> 
> SALE_MINYEAR <- 2015    # comp sales window start (pre-rezoning)
> SALE_MAXYEAR <- 2017    # comp sales window end
> CRITVAL         <- 0.5  # ProjectValue percentile threshold for non-new-SFD permits
> MIN_PERMIT_YEAR <- 2018 # keep permit years strictly greater than this
> USE_MIN_N       <- 100  # SpecificUseCategory kept if it has more than this many permits
> 
> library(data.table)
> library(sf)
Linking to GEOS 3.13.0, GDAL 3.8.5, PROJ 9.5.1; sf_use_s2() is TRUE
> library(ggplot2)
> library(ggspatial)
> library(RSQLite)
> library(fixest)
> library(parallel)
> library(units)
udunits database from /Library/Frameworks/R.framework/Versions/4.5-arm64/Resources/library/units/share/udunits/udunits2.xml
> 
> sf_use_s2(TRUE)
> 
> # step 1: merge 2026 roll Number (start) geometry to 2018 sales and property characteristics
> fGeo     <- "~/DropboxExternal/dataProcessed/bca26FolioGeometryVancouver.rds"
> dirGpkg  <- "~/bigFiles/latestSpatialBCA/"
> gpkgFiles <- list.files(dirGpkg, pattern = "\\.gpkg$", full.names = TRUE)
> stopifnot(length(gpkgFiles) == 1)
> fileGpkg <- gpkgFiles
> 
> if (!file.exists(fGeo)) {
+   dfG <- st_read(fileGpkg, query =
+     "SELECT ROLL_NUMBER, geom
+      FROM WHSE_HUMAN_CULTURAL_ECONOMIC_BCA_FOLIO_DESCRIPTIONS_SV
+      WHERE JURISDICTION_CODE = '200'")            # City of Vancouver
+ 
+   # centroid lon/lat in WGS84 (parcel polygons -> single point per folio)
+   dfG <- st_make_valid(dfG)
+   dfG <- st_transform(dfG, 4326)
+   ctr <- st_coordinates(st_centroid(st_geometry(dfG)))
+   dtGeo <- as.data.table(st_drop_geometry(dfG))
+   dtGeo[, `:=`(longitude = ctr[, 1], latitude = ctr[, 2])]
+   dtGeo[, rollStart := floor(as.numeric(ROLL_NUMBER) / 1000)]
+   dtGeo <- unique(dtGeo[, .(rollStart, longitude, latitude)])
+   saveRDS(dtGeo, fGeo)
+ }
> dtGeo <- readRDS(fGeo)
> dtGeo[,rr:=frank(rollStart), by=rollStart]
> dtGeo <- dtGeo[rr==1, .(rollStart, longitude, latitude)]
> 
> # BCA 2019 sales/inventory. Comp pool ground-oriented (condos purged in SQL).
> 
> fnameSingles <- "~/DropboxExternal/dataProcessed/bca19VancouverSingles.rds"
> fnameComps   <- "~/DropboxExternal/dataProcessed/bca19VancouverCompSales.rds"
> if (!file.exists(fnameSingles) | !file.exists(fnameComps)) {
+ 	bca19 <- "~/DropboxExternal/dataRaw/REVD19_and_inventory_extracts.sqlite3"
+ 	con <- dbConnect(RSQLite::SQLite(), bca19)
+ 	dtBCA19 <- data.table(dbGetQuery(con, "
+ 	  SELECT d.folioID, f.rollNumber, i.zoning, i.MB_effective_year, i.MB_total_finished_area,
+ 		 CAST(i.land_width AS NUMERIC) AS land_width, CAST(i.land_depth AS NUMERIC) AS land_depth,
+ 		 d.actualUseDescription, d.neighbourhoodDescription, CAST(d.landWidth AS NUMERIC) AS landWidth, CAST(d.landDepth AS NUMERIC) AS landDepth
+ 	  FROM folio f
+ 	  JOIN residentialInventory i ON i.roll_number = f.rollNumber
+ 	  JOIN folioDescription d      ON d.folioID     = f.folioID
+ 	  WHERE f.jurisdictionCode = '200'
+ 	"))
+ 	dtBCA19[, rollStart := floor(as.numeric(rollNumber) / 1000)]
+ 	dtBCA19[is.na(landWidth), landWidth := land_width]
+ 	dtBCA19[is.na(landDepth), landDepth := land_depth]
+ 	dtBCA19 <- merge(dtBCA19, dtGeo, by = "rollStart", all.x = TRUE)
+ 	dtSingles <- dtBCA19[actualUseDescription %in% c("Single Family Dwelling", "Residential Dwelling with Suite"),.(landWidth, landDepth, MB_total_finished_area, MB_effective_year, rollNumber, folioID, longitude, latitude)]
+ 	dtSingles <- dtSingles[!is.na(longitude) & !is.na(latitude)]
+ 	saveRDS(dtSingles, fnameSingles)
+ 
+ 	dfSales <- dbGetQuery(con, "
+ 	  SELECT folioID, conveyanceDate, conveyancePrice
+ 	  FROM sales
+ 	  WHERE conveyanceTypeDescription = 'Improved Single Property Transaction'
+ 	")
+ 
+ 	for (v in c("landWidth", "landDepth", "MB_total_finished_area", "MB_effective_year")) {
+ 	  dtBCA19[, (v) := as.numeric(get(v))]
+ 	}
+ 
+ 	dtSales <- merge(data.table(dfSales), dtBCA19, by = "folioID")
+ 	dtSales[, conveyancePrice := as.numeric(conveyancePrice)]
+ 	dtSales[, year := as.numeric(substr(conveyanceDate, 1, 4))]
+ 	dtSales[, structAge := year - MB_effective_year]
+ 	dtSales[structAge < 0, structAge := 0]
+ 	dtSales <- dtSales[ year %between% c(SALE_MINYEAR, SALE_MAXYEAR) &
+   !is.na(MB_total_finished_area) & MB_total_finished_area > 0 &
+   !is.na(conveyancePrice)        & conveyancePrice > 0 &
+   !is.na(structAge)
+ ]
+ 	saveRDS(dtSales, fnameComps)
+ }
> dtSales <- readRDS(fnameComps)
> cat("comp sales after filters (pre-coordinate merge):", nrow(dtSales), "\n")
comp sales after filters (pre-coordinate merge): 45798 
> dtSingles <- readRDS(fnameSingles)
> 
> # Now read permits and find matching single family dwelling where it exist
> dtP <- fread(
+   "~/DropboxExternal/dataRaw/issued-building-permitsDwellingUses.csv",
+   select = c("SpecificUseCategory", "PermitNumber", "geo_point_2d",
+              "PermitNumberCreatedDate", "TypeOfWork", "ProjectValue")
+ )
> dtP[, c("lat", "lon") := tstrsplit(geo_point_2d, ",\\s*", type.convert = TRUE)]
> 
> # ---- zoning: R1-1 shapes (used for permits AND for the comp inR1 flag) -------
> dgZ <- st_read("~/DropboxExternal/dataRaw/vancouver_zoning.geojson")
Reading layer `vancouver_zoning' from data source 
  `/Volumes/Crucial X10/Dropbox/dataRaw/vancouver_zoning.geojson' 
  using driver `GeoJSON'
Simple feature collection with 1590 features and 6 fields
Geometry type: POLYGON
Dimension:     XY
Bounding box:  xmin: -123.2248 ymin: 49.19952 xmax: -123.0233 ymax: 49.31617
Geodetic CRS:  WGS 84
> dgZ <- dgZ[dgZ$zoning_district == "R1-1", ]
> 
> dtPgeo <- st_as_sf(dtP[!is.na(lat), .(PermitNumber, lat, lon)],
+                    coords = c("lon", "lat"), crs = 4326)
> dtPgeo <- st_join(dtPgeo, dgZ, join = st_within)
> r1Permits <- unique(as.data.table(dtPgeo)$PermitNumber)
> cat("R1-1 permits:", length(r1Permits), "\n")
R1-1 permits: 36213 
> 
> # DEFINE THE ANALYSIS PERMIT SAMPLE 
> 
> dtP <- dtP[PermitNumber %in% r1Permits]
> dtP[, year   := as.numeric(substr(PermitNumberCreatedDate, 1, 4))]
> dtP <- dtP[year > MIN_PERMIT_YEAR]
> useList  <- dtP[, .N, by = SpecificUseCategory][order(-N)][N > USE_MIN_N, SpecificUseCategory]
> dtP <- dtP[SpecificUseCategory %in% useList]
> dtP[, single := grepl("Single", SpecificUseCategory)]
> minSpend <- quantile(dtP[TypeOfWork=="New Building" & single==1, ProjectValue], CRITVAL)
> dtP <- dtP[TypeOfWork == "New Building"  | (ProjectValue > minSpend)]
> dtP <- dtP[!is.na(lat) & !is.na(lon)]
> dtP[, duplex := grepl("Duplex", SpecificUseCategory)]
> dtP[, multiPlex := SpecificUseCategory == "Multiple Dwelling"]
> cat("analysis permits after all filters:", nrow(dtP), "\n")
analysis permits after all filters: 7499 
> print(useList)
 [1] "Single Detached House"                   
 [2] "Multiple Dwelling"                       
 [3] "Single Detached House w/Sec Suite"       
 [4] "Laneway House"                           
 [5] "Duplex"                                  
 [6] "Dwelling Unit"                           
 [7] "Duplex w/Secondary Suite"                
 [8] "Multiple Conversion Dwelling"            
 [9] "Infill Single Detached House"            
[10] "Duplex w/Secondary Suite,Secondary Suite"
> 
> # try to match with a close dtSingle obs
> # ---- lot geometry from nearest folio (for landWidth/landDepth splits) --------
> dtPgeoNN <- st_as_sf(dtP[, .(PermitNumber, lat, lon)], coords = c("lon", "lat"), crs = 4326)
> dfSingle <- st_as_sf(dtSingles, coords = c("longitude", "latitude"), crs = 4326)
> 
> idx  <- st_nearest_feature(dtPgeoNN, dfSingle)
> dist <- as.numeric(st_distance(dtPgeoNN, dfSingle[idx, ], by_element = TRUE))  # meters, plain numeric
> 
> matched <- as.data.table(st_drop_geometry(dfSingle))[idx]   # nearest folio's attrs, one row per permit
> matched[dist > 10, names(matched) := NA]                    # data.table-correct gate at 10 m
> matched[, PermitNumber := dtP$PermitNumber]                 # attach the key (order-safe: idx is in dtP order)
> matched[, dist := dist]
> print(matched[, .(PermitNumber, rollNumber, dist)])
       PermitNumber      rollNumber       dist
             <char>          <char>      <num>
   1: BP-2023-00600            <NA> 13.6599100
   2: DB-2024-04710 014606265110000  0.5435704
   3: DB-2021-06422 017790214260000  0.7974498
   4: DB-2021-01579            <NA> 26.5857560
   5: DB-2020-03568 010122795470000  0.3364004
  ---                                         
7495: DB-2026-00467 023728276300000  0.3156069
7496: DB-2023-03864 009702182860000  0.2895455
7497: DB-2020-03824 001636019550000  1.1354638
7498: BP-2023-01952            <NA> 73.7720704
7499: DB-2021-02514 001632022740000  0.1935297
> q("no")
> proc.time()
   user  system elapsed 
 12.013   1.902   9.382 
