
R version 4.5.2 (2025-10-31) -- "[Not] Part in a Rumble"
Copyright (C) 2025 The R Foundation for Statistical Computing
Platform: aarch64-apple-darwin20

R is free software and comes with ABSOLUTELY NO WARRANTY.
You are welcome to redistribute it under certain conditions.
Type 'license()' or 'licence()' for distribution details.

  Natural language support but running in an English locale

R is a collaborative project with many contributors.
Type 'contributors()' for more information and
'citation()' on how to cite R or R packages in publications.

Type 'demo()' for some demos, 'help()' for on-line help, or
'help.start()' for an HTML browser interface to help.
Type 'q()' to quit R.

> # vancouverPriceSurfaces.R
> # get sqft-price plots for every neighbourhood
> # Tom Davidoff 
> # 08/19/26
> 
> library(data.table)
> library(sf)
Linking to GEOS 3.13.0, GDAL 3.8.5, PROJ 9.5.1; sf_use_s2() is TRUE
> library(ggplot2)
> library(ggspatial)
> library(RSQLite)
> library(fixest)
> library(units)
udunits database from /Users/davidoff/Library/R/arm64/4.5/library/units/share/udunits/udunits2.xml
> 
> 
> 
> # Merge with BCA 2019 Vancouver single family R1 -zoned parcels
> bca19 <- "~/DropboxExternal/dataRaw/REVD19_and_inventory_extracts.sqlite3"
> con <- dbConnect(RSQLite::SQLite(), bca19)
> # (1) one join across folio (jurisdiction) + residentialInventory (zoning/area) + folioDescription
> # (use description) -- replaces the three separate pulls and the two R merges, and filters
> # in SQL before pulling into R. INNER JOINs reproduce the old merge()-without-all=TRUE
> # behavior (rows without a match in every table are dropped, same as before).
> dtBCA19 <- data.table(dbGetQuery(con, "
+   SELECT d.folioID, f.rollNumber, i.zoning, i.MB_effective_year, i.MB_total_finished_area, i.land_width, i.land_depth,
+          d.actualUseDescription, d.neighbourhoodDescription, d.landWidth, d.landDepth, s.conveyanceDate, s.conveyancePrice
+   FROM folio f
+   JOIN residentialInventory i ON i.roll_number = f.rollNumber
+   JOIN folioDescription d      ON d.folioID     = f.folioID
+   JOIN sales s ON s.folioID = f.folioID
+   WHERE f.jurisdictionCode = '200' AND s.conveyanceTypeDescription = 'Improved Single Property Transaction'
+ "))
> print(head(dtBCA19))
      folioID      rollNumber zoning MB_effective_year MB_total_finished_area
       <char>          <char> <char>            <char>                 <char>
1: A000000009 001019632060000    RS1              2019                  11895
2: A00000000A 001019632290000    RS1              1997                   7760
3: A00000000A 001019632290000    RS1              1997                   7760
4: A00000000B 001019632450000    RS1              1945                   3215
5: A00000000B 001019632450000    RS1              1945                   3215
6: A00000000C 001019632650000    RS1              2011                   8673
   land_width land_depth   actualUseDescription neighbourhoodDescription
       <char>     <char>                 <char>                   <char>
1:                       Single Family Dwelling               POINT GREY
2:        195      251.9 Single Family Dwelling               POINT GREY
3:        195      251.9 Single Family Dwelling               POINT GREY
4:        150        250 Single Family Dwelling               POINT GREY
5:        150        250 Single Family Dwelling               POINT GREY
6:        150        250 Single Family Dwelling               POINT GREY
   landWidth landDepth conveyanceDate conveyancePrice
      <char>    <char>         <char>          <char>
1:                         2014-06-16         9450000
2:                         1991-07-09         1700000
3:                         2013-02-08         8800000
4:                         1977-04-15          190000
5:                         2006-12-04         3850000
6:                         1979-09-15          325000
> print(table(dtBCA19[,actualUseDescription])[order(-table(dtBCA19[,actualUseDescription]))])

                Strata-Lot Residence (Condominium) 
                                            172146 
                   Residential Dwelling with Suite 
                                             64859 
                            Single Family Dwelling 
                                             61577 
               Row Housing (Single Unit Ownership) 
                                             20626 
                       Duplex, Strata Front / Back 
                                              4155 
                       Duplex, Strata Side by Side 
                                              2475 
                 Property Subject To Section 19(8) 
                                              1224 
   Duplex, Non-Strata Side by Side or Front / Back 
                                              1175 
  Stratified Rental Apartment (Frame Construction) 
                                               475 
              Vacant Residential Less Than 2 Acres 
                                               256 
                          Duplex, Strata Up / Down 
                                               236 
               Individual Strata Lot (Hotel/Motel) 
                                               156 
                      Duplex, Non-Strata Up / Down 
                                               144 
                         Multi-Family (Conversion) 
                                                85 
  2 Acres Or More (Single Family Dwelling, Duplex) 
                                                65 
                       Stratified Rental Townhouse 
                                                31 
Stratified Rental Apartment (Hi-Rise Construction) 
                                                20 
                      Residential Outbuilding Only 
                                                 6 
                                           Triplex 
                                                 6 
             Stratified Operational Facility Areas 
                                                 2 
       Bed & Breakfast Operation Less Than 4 Units 
                                                 1 
> print(nrow(dtBCA19))
[1] 329720
> dtBCA19[,saleYear:=substring(conveyanceDate, 1, 4)]
> dtBCA19 <- dtBCA19[saleYear==2017]
> for (v in c("MB_total_finished_area", "land_width","land_depth","conveyancePrice")) dtBCA19[, (v) := as.numeric(get(v))]
> pdf("vancouverPriceSurfaces.pdf", width=8, height=6)
> pdf("vancouverPriceSurfaces.pdf", width=8, height=6)
> for (n in sort(unique(dtBCA19[nchar(neighbourhoodDescription) > 0, neighbourhoodDescription]))) {
+   d <- dtBCA19[neighbourhoodDescription==n & MB_total_finished_area>0 & conveyancePrice>0]
+   if (nrow(d) < 2) next   # geom_smooth(lm) needs at least 2 points
+   p <- ggplot(d, aes(x=MB_total_finished_area, y=conveyancePrice)) +
+     geom_point(alpha=0.5) +
+     geom_smooth(method="lm", formula=y~x, color="blue") +
+     scale_y_continuous(labels=scales::dollar_format()) +
+     labs(title=n, x="Finished Area (sqft)", y="Conveyance Price ($)") +
+     theme_minimal()
+   print(p)   # <-- this is what writes a page to the PDF
+ }
> dev.off()   # <-- must close the device or the file stays empty/corrupt
pdf 
  2 
> 
> proc.time()
   user  system elapsed 
  9.240   2.799  12.250 
