
R version 4.5.2 (2025-10-31) -- "[Not] Part in a Rumble"
Copyright (C) 2025 The R Foundation for Statistical Computing
Platform: aarch64-apple-darwin20

R is free software and comes with ABSOLUTELY NO WARRANTY.
You are welcome to redistribute it under certain conditions.
Type 'license()' or 'licence()' for distribution details.

  Natural language support but running in an English locale

R is a collaborative project with many contributors.
Type 'contributors()' for more information and
'citation()' on how to cite R or R packages in publications.

Type 'demo()' for some demos, 'help()' for on-line help, or
'help.start()' for an HTML browser interface to help.
Type 'q()' to quit R.

> # vancouverTractPlexCor.R
> # 2018 tract price levels and size elasticities (RS single-family), and monthly
> # cross-tract correlations with the duplex share of new RS/R1-1 permits.
> #   mlppsf : tract median log(assessed total / finished sqft), 2019 roll (July 2018 values)
> #   hres   : tract mean residual, pooled 2015-18 sales hedonic (no tract terms)
> #   elastA : tract cov/var slope of log assessed value on log sqft (assessments)
> #   elastS : tract cov/var slope of log price (demeaned by sale month) on log sqft (sales)
> # Elasticities never come from the hedonic regression that produces hres.
> 
> library(data.table)
> library(sf)
Linking to GEOS 3.13.0, GDAL 3.8.5, PROJ 9.5.1; sf_use_s2() is TRUE
> library(DBI)
> library(RSQLite)
> library(fixest)
> library(ggplot2)
> 
> bca19     <- "~/DropboxExternal/dataRaw/REVD19_and_inventory_extracts.sqlite3"
> gpkg      <- "~/bigFiles/latestSpatialBCA/2026-04-08_bca_folios.gpkg"
> fTract    <- "~/DropboxExternal/dataRaw/lct_000b21a_e/lct_000b21a_e.shp"
> fZone     <- "~/DropboxExternal/dataRaw/vancouver_zoning.geojson"
> permitURL <- "https://opendata.vancouver.ca/api/explore/v2.1/catalog/datasets/issued-building-permits/exports/csv?delimiter=%2C"
> outDir    <- "text"; dir.create(outDir, showWarnings = FALSE)
> 
> MIN_OBS   <- 30
> SALE_YRS  <- c(2015, 2018)
> DATE_COL  <- "issuedate"
> MONTH_MIN <- as.IDate("2018-01-01")
> EVENTS    <- as.IDate(c("2018-09-01", "2023-10-01"))
> 
> rollKey <- function(x) suppressWarnings(as.numeric(gsub("[^0-9]", "", x)))
> cc <- function(x, y) {
+   ok <- complete.cases(x, y)
+   if (sum(ok) < 5 || sd(x[ok]) == 0 || sd(y[ok]) == 0) NA_real_ else cor(x[ok], y[ok])
+ }
> 
> # ---- tracts and folio -> tract ----
> ct <- st_read(fTract, quiet = TRUE)
> ct <- st_transform(st_make_valid(ct[ct$PRUID == "59", "CTNAME"]), 3005)
> 
> g <- st_read(gpkg, quiet = TRUE, query =
+   "SELECT ROLL_NUMBER, geom FROM WHSE_HUMAN_CULTURAL_ECONOMIC_BCA_FOLIO_DESCRIPTIONS_SV
+    WHERE JURISDICTION_CODE = '200'")
> g <- st_centroid(st_transform(st_make_valid(g), 3005))
Warning message:
st_centroid assumes attributes are constant over geometries 
> geo <- as.data.table(st_drop_geometry(st_join(g, ct, join = st_within)))
> geo <- unique(geo[!is.na(CTNAME), .(rollStart = floor(rollKey(ROLL_NUMBER) / 1000), CTNAME)],
+               by = "rollStart")
> 
> # ---- 2019-roll RS single-family folios and pre-reform sales ----
> con <- dbConnect(SQLite(), bca19)
> b <- data.table(dbGetQuery(con, "
+   SELECT f.folioID, f.rollNumber,
+          CAST(i.MB_total_finished_area AS REAL) AS sqft,
+          CAST(i.MB_effective_year AS REAL)      AS effYr,
+          CAST(COALESCE(NULLIF(d.landWidth, ''), i.land_width) AS REAL) AS w,
+          CAST(COALESCE(NULLIF(d.landDepth, ''), i.land_depth) AS REAL) AS dep,
+          v.totalValue
+   FROM folio f
+   JOIN folioDescription d     ON d.folioID = f.folioID
+   JOIN residentialInventory i ON i.roll_number = f.rollNumber
+   JOIN (SELECT folioID, SUM(CAST(landValue AS REAL) + CAST(improvementValue AS REAL)) AS totalValue
+         FROM valuation GROUP BY folioID) v ON v.folioID = f.folioID
+   WHERE f.jurisdictionCode = '200'
+     AND d.actualUseDescription IN ('Single Family Dwelling', 'Residential Dwelling with Suite')
+     AND i.zoning LIKE 'RS%'"))
> s <- data.table(dbGetQuery(con, "
+   SELECT folioID, conveyanceDate, CAST(conveyancePrice AS REAL) AS price
+   FROM sales WHERE conveyanceTypeDescription = 'Improved Single Property Transaction'"))
> dbDisconnect(con)
> 
> b <- b[, if (.N == 1) .SD, by = folioID]
> b[, rollStart := floor(rollKey(rollNumber) / 1000)]
> b <- merge(b, geo, by = "rollStart")
> b <- b[sqft > 0 & totalValue > 0]
> 
> # ---- assessment-based tract measures ----
> tA <- b[, .(nA = .N,
+             mlppsf = median(log(totalValue / sqft)),
+             elastA = cov(log(totalValue), log(sqft)) / var(log(sqft))),
+         by = CTNAME][nA >= MIN_OBS]
> 
> # ---- sales-based tract measures ----
> s[, `:=`(year = as.integer(substr(conveyanceDate, 1, 4)), ym = substr(conveyanceDate, 1, 7))]
> h <- merge(s[year %between% SALE_YRS & price > 1e5],
+            b[, .(folioID, CTNAME, sqft, effYr, w, dep)], by = "folioID")
> h <- h[w > 0 & dep > 0 & !is.na(effYr)]
> h[, age := pmax(year - effYr, 0)]
> 
> regH <- feols(log(price) ~ log(sqft) + log(w * dep) + poly(age, 3) | ym, data = h)
> print(etable(regH))
                              regH
Dependent Var.:         log(price)
                                  
log(sqft)       0.5293*** (0.0192)
log(w x dep)    0.6371*** (0.0166)
poly(age)1      -3.167*** (0.4596)
poly(age)2       -0.7267* (0.3359)
poly(age)3       4.882*** (0.3357)
Fixed-Effects:  ------------------
ym                             Yes
_______________ __________________
S.E. type                      IID
Observations                 9,788
R2                         0.60677
Within R2                  0.58398
---
Signif. codes: 0 '***' 0.001 '**' 0.01 '*' 0.05 '.' 0.1 ' ' 1
> h[, res := NA_real_]
> h[obs(regH), res := resid(regH)]
> 
> h[, lpDm := log(price) - mean(log(price)), by = ym]
> tS <- h[, .(nS = .N,
+             hres = mean(res, na.rm = TRUE),
+             elastS = cov(lpDm, log(sqft)) / var(log(sqft))),
+         by = CTNAME][nS >= MIN_OBS]
> 
> tr <- merge(tA, tS, by = "CTNAME", all = TRUE)
> MEAS <- c("mlppsf", "hres", "elastA", "elastS")
> cat("tracts:", nrow(tr), "| with all four measures:", nrow(na.omit(tr[, ..MEAS])), "\n")
tracts: 76 | with all four measures: 69 
> print(round(cor(tr[, ..MEAS], use = "pairwise.complete.obs"), 3))
       mlppsf  hres elastA elastS
mlppsf  1.000 0.971  0.784  0.749
hres    0.971 1.000  0.721  0.691
elastA  0.784 0.721  1.000  0.880
elastS  0.749 0.691  0.880  1.000
> 
> # ---- permits (live), RS/R1-1 single vs duplex new builds ----
> p <- fread(permitURL)
> setnames(p, tolower(names(p)))
> p <- p[typeofwork == "New Building" &
+        grepl("Single Detached|Duplex", specificusecategory) &
+        !grepl("Multiple", specificusecategory)]
> p[, isDuplex := grepl("Duplex", specificusecategory)]
> p[, c("lat", "lon") := tstrsplit(geo_point_2d, ",\\s*", type.convert = TRUE)]
> p[, month := as.IDate(paste0(substr(as.character(get(DATE_COL)), 1, 7), "-01"))]
> p <- p[!is.na(lat) & month >= MONTH_MIN]
> 
> z  <- st_read(fZone, quiet = TRUE)
> z  <- st_transform(st_make_valid(z[grepl("^(R1-1|RS)", z$zoning_district), ]), 3005)
> sp <- st_transform(st_as_sf(p[, .(permitnumber, isDuplex, month, lon, lat)],
+                             coords = c("lon", "lat"), crs = 4326), 3005)
> sp <- sp[lengths(st_intersects(sp, z)) > 0, ]
> sp <- st_join(sp, ct, join = st_within)
> pm <- as.data.table(st_drop_geometry(sp))[!is.na(CTNAME)]
> print(pm[, .(N = .N, duplexShare = mean(isDuplex)), by = year(month)][order(year)])
    year     N duplexShare
   <int> <int>       <num>
1:  2018   651 0.001536098
2:  2019   511 0.091976517
3:  2020   419 0.212410501
4:  2021   412 0.376213592
5:  2022   694 0.386167147
6:  2023   522 0.478927203
7:  2024   431 0.503480278
8:  2025   342 0.558479532
9:  2026   197 0.497461929
> 
> # ---- monthly cross-tract correlations ----
> m  <- merge(pm[, .(nP = .N, share = mean(isDuplex)), by = .(CTNAME, month)], tr, by = "CTNAME")
> cm <- m[, c(list(nTract = .N), lapply(.SD, function(v) cc(share, v))), by = month, .SDcols = MEAS]
> setorder(cm, month)
> print(cm)
          month nTract      mlppsf        hres     elastA      elastS
         <IDat>  <int>       <num>       <num>      <num>       <num>
  1: 2018-01-01     28          NA          NA         NA          NA
  2: 2018-02-01     28          NA          NA         NA          NA
  3: 2018-03-01     32          NA          NA         NA          NA
  4: 2018-04-01     31  0.17279588  0.01864107  0.1838005  0.16800666
  5: 2018-05-01     37          NA          NA         NA          NA
 ---                                                                 
102: 2026-06-01     16 -0.04652357 -0.03403814 -0.1361330 -0.02151628
103: 2026-07-01     14 -0.08854658 -0.08181109 -0.3483221 -0.30466067
104: 2026-08-01     23 -0.05407491 -0.03516723 -0.1370731 -0.09481899
105: 2026-09-01     13 -0.35665766 -0.34732752 -0.3234704 -0.15416197
106: 2026-10-01      3          NA          NA         NA          NA
> 
> cl <- melt(cm, id.vars = c("month", "nTract"), variable.name = "measure", value.name = "cor")
> ggplot(cl, aes(month, cor)) +
+   geom_hline(yintercept = 0) +
+   geom_vline(xintercept = EVENTS, linetype = 2, colour = "grey50") +
+   geom_point(aes(size = nTract), alpha = .4) +
+   geom_smooth(method = "loess", span = .3, se = FALSE) +
+   facet_wrap(~measure) +
+   labs(x = NULL, y = "cross-tract cor(duplex share of permits, 2018 measure)", size = "tracts") +
+   theme_bw()
`geom_smooth()` using formula = 'y ~ x'
Warning messages:
1: Removed 60 rows containing non-finite outside the scale range
(`stat_smooth()`). 
2: Removed 60 rows containing missing values or values outside the scale range
(`geom_point()`). 
> ggsave(file.path(outDir, "tractPlexCorMonthly.png"), width = 10, height = 7)
`geom_smooth()` using formula = 'y ~ x'
Warning messages:
1: Removed 60 rows containing non-finite outside the scale range
(`stat_smooth()`). 
2: Removed 60 rows containing missing values or values outside the scale range
(`geom_point()`). 
> 
> proc.time()
   user  system elapsed 
 23.823   3.666  37.821 
